// 同步 ID: b31c7ca9 @ Fri Jul 24 04:19:48 UTC 2026
// 同步 ID: ce8b99c7 @ Sun Jul 26 14:54:47 UTC 2026
// 重构日志: 9cf9a981
// 重构日志: 8a6ebf2d
// 重构日志: 9fc1d238
// 重构日志: e16db610
// 重构日志: 55bb53a8
// 重构日志: f8d41062
// 同步 ID: e4d8d8a6 @ Fri Jul 31 15:14:49 UTC 2026
// 重构日志: 466e9fe8
// 重构日志: b638f357
// 重构日志: 143bb739
// 同步 ID: 2b6261fe @ Sat Aug  1 14:32:36 UTC 2026
// 重构日志: 5094a3c8
// 重构日志: eae59171
// 同步 ID: 19598fd4 @ Sun Aug  2 09:57:42 UTC 2026
// 同步 ID: 9c37b13b @ Mon Aug  3 04:15:34 UTC 2026
// 同步 ID: 073160c6 @ Mon Aug  3 17:59:23 UTC 2026
// 重构日志: e525ecca
// 重构日志: 18687396
// 同步 ID: 5408c00f @ Wed Aug  5 00:36:52 UTC 2026
// 重构日志: 712958c1
// 重构日志: cd380f4b
// 重构日志: 1cd47028
// 重构日志: 4051237a
// 重构日志: 996e0dc5
// 重构日志: 69a9bea7
// 重构日志: 8f6981ca
// 重构日志: 6f462686
// 同步 ID: 94247a57 @ Sat Aug  8 07:31:33 UTC 2026
